Archive member included to satisfy reference by file (symbol)

c:/program files (x86)/gnu tools arm embedded/5.2 2015q4/bin/../lib/gcc/arm-none-eabi/5.2.1/armv7e-m\libgcc.a(_arm_addsubdf3.o)
                              ..\obj\main.o (__aeabi_dadd)
c:/program files (x86)/gnu tools arm embedded/5.2 2015q4/bin/../lib/gcc/arm-none-eabi/5.2.1/armv7e-m\libgcc.a(_arm_muldivdf3.o)
                              ..\obj\tm_stm32f4_timer_properties.o (__aeabi_ddiv)
c:/program files (x86)/gnu tools arm embedded/5.2 2015q4/bin/../lib/gcc/arm-none-eabi/5.2.1/armv7e-m\libgcc.a(_arm_cmpdf2.o)
                              ..\obj\tm_stm32f4_timer_properties.o (__aeabi_dcmpeq)
c:/program files (x86)/gnu tools arm embedded/5.2 2015q4/bin/../lib/gcc/arm-none-eabi/5.2.1/armv7e-m\libgcc.a(_arm_fixdfsi.o)
                              ..\obj\main.o (__aeabi_d2iz)
c:/program files (x86)/gnu tools arm embedded/5.2 2015q4/bin/../lib/gcc/arm-none-eabi/5.2.1/armv7e-m\libgcc.a(_arm_fixunsdfsi.o)
                              ..\obj\tm_stm32f4_timer_properties.o (__aeabi_d2uiz)
c:/program files (x86)/gnu tools arm embedded/5.2 2015q4/bin/../lib/gcc/arm-none-eabi/5.2.1/../../../../arm-none-eabi/lib/armv7e-m\libg.a(lib_a-malloc.o)
                              ..\obj\tm_stm32f4_delay.o (malloc)
c:/program files (x86)/gnu tools arm embedded/5.2 2015q4/bin/../lib/gcc/arm-none-eabi/5.2.1/../../../../arm-none-eabi/lib/armv7e-m\libg.a(lib_a-mallocr.o)
                              c:/program files (x86)/gnu tools arm embedded/5.2 2015q4/bin/../lib/gcc/arm-none-eabi/5.2.1/../../../../arm-none-eabi/lib/armv7e-m\libg.a(lib_a-malloc.o) (_malloc_r)
c:/program files (x86)/gnu tools arm embedded/5.2 2015q4/bin/../lib/gcc/arm-none-eabi/5.2.1/../../../../arm-none-eabi/lib/armv7e-m\libg.a(lib_a-mlock.o)
                              c:/program files (x86)/gnu tools arm embedded/5.2 2015q4/bin/../lib/gcc/arm-none-eabi/5.2.1/../../../../arm-none-eabi/lib/armv7e-m\libg.a(lib_a-mallocr.o) (__malloc_lock)
c:/program files (x86)/gnu tools arm embedded/5.2 2015q4/bin/../lib/gcc/arm-none-eabi/5.2.1/../../../../arm-none-eabi/lib/armv7e-m\libg.a(lib_a-sbrkr.o)
                              c:/program files (x86)/gnu tools arm embedded/5.2 2015q4/bin/../lib/gcc/arm-none-eabi/5.2.1/../../../../arm-none-eabi/lib/armv7e-m\libg.a(lib_a-mallocr.o) (_sbrk_r)
c:/program files (x86)/gnu tools arm embedded/5.2 2015q4/bin/../lib/gcc/arm-none-eabi/5.2.1/../../../../arm-none-eabi/lib/armv7e-m\libg.a(lib_a-freer.o)
                              c:/program files (x86)/gnu tools arm embedded/5.2 2015q4/bin/../lib/gcc/arm-none-eabi/5.2.1/../../../../arm-none-eabi/lib/armv7e-m\libg.a(lib_a-malloc.o) (_free_r)
c:/program files (x86)/gnu tools arm embedded/5.2 2015q4/bin/../lib/gcc/arm-none-eabi/5.2.1/../../../../arm-none-eabi/lib/armv7e-m\libg.a(lib_a-impure.o)
                              c:/program files (x86)/gnu tools arm embedded/5.2 2015q4/bin/../lib/gcc/arm-none-eabi/5.2.1/../../../../arm-none-eabi/lib/armv7e-m\libg.a(lib_a-malloc.o) (_impure_ptr)
c:/program files (x86)/gnu tools arm embedded/5.2 2015q4/bin/../lib/gcc/arm-none-eabi/5.2.1/../../../../arm-none-eabi/lib/armv7e-m\libg.a(lib_a-reent.o)
                              c:/program files (x86)/gnu tools arm embedded/5.2 2015q4/bin/../lib/gcc/arm-none-eabi/5.2.1/../../../../arm-none-eabi/lib/armv7e-m\libg.a(lib_a-sbrkr.o) (errno)

Allocating common symbols
Common symbol       size              file

SET_TEST_MODE       0x4               ..\obj\usbd_core.o
errno               0x4               c:/program files (x86)/gnu tools arm embedded/5.2 2015q4/bin/../lib/gcc/arm-none-eabi/5.2.1/../../../../arm-none-eabi/lib/armv7e-m\libg.a(lib_a-reent.o)
acc_y               0x1               ..\obj\main.o
USB_OTG_dev         0x5f4             ..\obj\usbd_usr.o
acc_x               0x1               ..\obj\main.o
mult                0x4               ..\obj\tm_stm32f4_delay.o
USBD_StrDesc        0x40              ..\obj\usbd_req.o

Discarded input sections

 .text          0x00000000        0x0 ..\obj\stm32f4xx_syscfg.o
 .data          0x00000000        0x0 ..\obj\stm32f4xx_syscfg.o
 .bss           0x00000000        0x0 ..\obj\stm32f4xx_syscfg.o
 .text.SYSCFG_DeInit
                0x00000000       0x1c ..\obj\stm32f4xx_syscfg.o
 .text.SYSCFG_MemoryRemapConfig
                0x00000000       0x20 ..\obj\stm32f4xx_syscfg.o
 .text.SYSCFG_MemorySwappingBank
                0x00000000       0x20 ..\obj\stm32f4xx_syscfg.o
 .text.SYSCFG_EXTILineConfig
                0x00000000       0x84 ..\obj\stm32f4xx_syscfg.o
 .text.SYSCFG_ETH_MediaInterfaceConfig
                0x00000000       0x1c ..\obj\stm32f4xx_syscfg.o
 .text.SYSCFG_CompensationCellCmd
                0x00000000       0x20 ..\obj\stm32f4xx_syscfg.o
 .text.SYSCFG_GetCompensationCellStatus
                0x00000000       0x30 ..\obj\stm32f4xx_syscfg.o
 .debug_info    0x00000000      0x298 ..\obj\stm32f4xx_syscfg.o
[...]
Memory Configuration

Name             Origin             Length             Attributes
rom              0x08000000         0x00100000         xr
ram              0x20000000         0x00020000         xrw
ram1             0x10000000         0x00010000         xrw
*default*        0x00000000         0xffffffff

Linker script and memory map

                0x20020000                _eram = 0x20020000

.text           0x08000000     0x518a
 *(.isr_vector)
 .isr_vector    0x08000000      0x1ac ..\obj\startup_stm32f4xx.o
                0x08000000                g_pfnVectors
 *(.text*)
 .text.USB_OTG_EnableCommonInt
                0x080001ac       0x44 ..\obj\usb_core.o
 .text.USB_OTG_CoreReset
                0x080001f0       0x90 ..\obj\usb_core.o
 .text.USB_OTG_WritePacket
                0x08000280       0x74 ..\obj\usb_core.o
                0x08000280                USB_OTG_WritePacket
 .text.USB_OTG_ReadPacket
                0x080002f4       0x58 ..\obj\usb_core.o
                0x080002f4                USB_OTG_ReadPacket
 .text.USB_OTG_SelectCore
                0x0800034c      0x178 ..\obj\usb_core.o
                0x0800034c                USB_OTG_SelectCore
 .text.USB_OTG_CoreInit
                0x080004c4      0x134 ..\obj\usb_core.o
                0x080004c4                USB_OTG_CoreInit
 .text.USB_OTG_EnableGlobalInt
                0x080005f8       0x34 ..\obj\usb_core.o
                0x080005f8                USB_OTG_EnableGlobalInt
 .text.USB_OTG_DisableGlobalInt
                0x0800062c       0x38 ..\obj\usb_core.o
                0x0800062c                USB_OTG_DisableGlobalInt
 .text.USB_OTG_FlushTxFifo
                0x08000664       0x74 ..\obj\usb_core.o
                0x08000664                USB_OTG_FlushTxFifo
 .text.USB_OTG_FlushRxFifo
                0x080006d8       0x60 ..\obj\usb_core.o
                0x080006d8                USB_OTG_FlushRxFifo
 .text.USB_OTG_SetCurrentMode
                0x08000738       0x60 ..\obj\usb_core.o
                0x08000738                USB_OTG_SetCurrentMode
 .text.USB_OTG_GetMode
                0x08000798       0x1c ..\obj\usb_core.o
                0x08000798                USB_OTG_GetMode
 .text.USB_OTG_IsDeviceMode
                0x080007b4       0x24 ..\obj\usb_core.o
                0x080007b4                USB_OTG_IsDeviceMode
 .text.USB_OTG_ReadCoreItr
                0x080007d8       0x2c ..\obj\usb_core.o
                0x080007d8                USB_OTG_ReadCoreItr
 .text.USB_OTG_InitDevSpeed
                0x08000804       0x38 ..\obj\usb_core.o
                0x08000804                USB_OTG_InitDevSpeed
 .text.USB_OTG_CoreInitDev
                0x0800083c      0x264 ..\obj\usb_core.o
                0x0800083c                USB_OTG_CoreInitDev
 .text.USB_OTG_EnableDevInt
                0x08000aa0       0xa8 ..\obj\usb_core.o
                0x08000aa0                USB_OTG_EnableDevInt
 .text.USB_OTG_GetDeviceSpeed
                0x08000b48       0x48 ..\obj\usb_core.o
                0x08000b48                USB_OTG_GetDeviceSpeed
 .text.USB_OTG_EP0Activate
                0x08000b90       0x74 ..\obj\usb_core.o
                0x08000b90                USB_OTG_EP0Activate
 .text.USB_OTG_EPActivate
                0x08000c04       0xdc ..\obj\usb_core.o
                0x08000c04                USB_OTG_EPActivate
 .text.USB_OTG_EPDeactivate
                0x08000ce0       0x88 ..\obj\usb_core.o
                0x08000ce0                USB_OTG_EPDeactivate
 .text.USB_OTG_EPStartXfer
                0x08000d68      0x280 ..\obj\usb_core.o
                0x08000d68                USB_OTG_EPStartXfer
 .text.USB_OTG_EP0StartXfer
                0x08000fe8      0x1d4 ..\obj\usb_core.o
                0x08000fe8                USB_OTG_EP0StartXfer
 .text.USB_OTG_EPSetStall
                0x080011bc       0x84 ..\obj\usb_core.o
                0x080011bc                USB_OTG_EPSetStall
 .text.USB_OTG_EPClearStall
                0x08001240       0x74 ..\obj\usb_core.o
                0x08001240                USB_OTG_EPClearStall
 .text.USB_OTG_ReadDevAllOutEp_itr
                0x080012b4       0x2c ..\obj\usb_core.o
                0x080012b4                USB_OTG_ReadDevAllOutEp_itr
 .text.USB_OTG_ReadDevOutEP_itr
                0x080012e0       0x34 ..\obj\usb_core.o
                0x080012e0                USB_OTG_ReadDevOutEP_itr
 .text.USB_OTG_ReadDevAllInEPItr
                0x08001314       0x2c ..\obj\usb_core.o
                0x08001314                USB_OTG_ReadDevAllInEPItr
 .text.USB_OTG_EP0_OutStart
                0x08001340       0x70 ..\obj\usb_core.o
                0x08001340                USB_OTG_EP0_OutStart
 .text.USB_OTG_UngateClock
                0x080013b0       0x54 ..\obj\usb_core.o
                0x080013b0                USB_OTG_UngateClock
 .text.TM_USB_HIDDEVICE_Init
                0x08001404       0x3c ..\obj\tm_stm32f4_usb_hid_device.o
                0x08001404                TM_USB_HIDDEVICE_Init
 .text.TM_USB_HIDDEVICE_GetStatus
                0x08001440       0x14 ..\obj\tm_stm32f4_usb_hid_device.o
                0x08001440                TM_USB_HIDDEVICE_GetStatus
 .text.TM_USB_HIDDEVICE_GamepadStructInit
                0x08001454       0x94 ..\obj\tm_stm32f4_usb_hid_device.o
                0x08001454                TM_USB_HIDDEVICE_GamepadStructInit
 .text.TM_USB_HIDDEVICE_GamepadSend
                0x080014e8      0x194 ..\obj\tm_stm32f4_usb_hid_device.o
                0x080014e8                TM_USB_HIDDEVICE_GamepadSend
 .text.TM_USB_HIDDEVICE_GamepadReleaseAll
                0x0800167c       0x48 ..\obj\tm_stm32f4_usb_hid_device.o
                0x0800167c                TM_USB_HIDDEVICE_GamepadReleaseAll
 .text.USBD_USR_Init
                0x080016c4       0x18 ..\obj\usbd_usr.o
                0x080016c4                USBD_USR_Init
 .text.USBD_USR_DeviceReset
                0x080016dc       0x20 ..\obj\usbd_usr.o
                0x080016dc                USBD_USR_DeviceReset
 .text.USBD_USR_DeviceConfigured
                0x080016fc       0x18 ..\obj\usbd_usr.o
                0x080016fc                USBD_USR_DeviceConfigured
 .text.USBD_USR_DeviceConnected
                0x08001714       0x18 ..\obj\usbd_usr.o
                0x08001714                USBD_USR_DeviceConnected
 .text.USBD_USR_DeviceDisconnected
                0x0800172c       0x18 ..\obj\usbd_usr.o
                0x0800172c                USBD_USR_DeviceDisconnected
 .text.USBD_USR_DeviceSuspended
                0x08001744       0x18 ..\obj\usbd_usr.o
                0x08001744                USBD_USR_DeviceSuspended
 .text.USBD_USR_DeviceResumed
                0x0800175c       0x18 ..\obj\usbd_usr.o
                0x0800175c                USBD_USR_DeviceResumed
 .text.TM_DISCO_LedInit
                0x08001774       0x30 ..\obj\tm_stm32f4_disco.o
                0x08001774                TM_DISCO_LedInit
 .text.TM_DISCO_ButtonInit
                0x080017a4       0x24 ..\obj\tm_stm32f4_disco.o
                0x080017a4                TM_DISCO_ButtonInit
 .text.Default_Reset_Handler
                0x080017c8       0x5c ..\obj\startup_stm32f4xx.o
                0x080017c8                Default_Reset_Handler
                0x080017c8                Reset_Handler
 .text.Default_Handler
                0x08001824        0x8 ..\obj\startup_stm32f4xx.o
                0x08001824                RTC_Alarm_IRQHandler
                0x08001824                HASH_RNG_IRQHandler
                0x08001824                EXTI2_IRQHandler
                0x08001824                TIM8_CC_IRQHandler
                0x08001824                DebugMon_Handler
                0x08001824                UART8_IRQHandler
                0x08001824                SPI4_IRQHandler
                0x08001824                TIM1_CC_IRQHandler
                0x08001824                DMA2_Stream5_IRQHandler
                0x08001824                HardFault_Handler
                0x08001824                DMA1_Stream5_IRQHandler
                0x08001824                PVD_IRQHandler
                0x08001824                SDIO_IRQHandler
                0x08001824                TAMP_STAMP_IRQHandler
                0x08001824                PendSV_Handler
                0x08001824                NMI_Handler
                0x08001824                CAN2_RX1_IRQHandler
                0x08001824                EXTI3_IRQHandler
                0x08001824                TIM8_TRG_COM_TIM14_IRQHandler
                0x08001824                TIM1_UP_TIM10_IRQHandler
                0x08001824                TIM8_UP_TIM13_IRQHandler
                0x08001824                I2C3_ER_IRQHandler
                0x08001824                EXTI0_IRQHandler
                0x08001824                I2C2_EV_IRQHandler
                0x08001824                DMA1_Stream2_IRQHandler
                0x08001824                CAN1_RX0_IRQHandler
                0x08001824                FPU_IRQHandler
                0x08001824                OTG_HS_WKUP_IRQHandler
                0x08001824                UsageFault_Handler
                0x08001824                LTDC_ER_IRQHandler
                0x08001824                CAN2_SCE_IRQHandler
                0x08001824                DMA2_Stream2_IRQHandler
                0x08001824                SPI1_IRQHandler
                0x08001824                TIM6_DAC_IRQHandler
                0x08001824                TIM1_BRK_TIM9_IRQHandler
                0x08001824                DCMI_IRQHandler
                0x08001824                CAN2_RX0_IRQHandler
                0x08001824                DMA2_Stream3_IRQHandler
                0x08001824                USART6_IRQHandler
                0x08001824                USART3_IRQHandler
                0x08001824                CRYP_IRQHandler
                0x08001824                CAN1_RX1_IRQHandler
                0x08001824                UART5_IRQHandler
                0x08001824                DMA2_Stream0_IRQHandler
                0x08001824                TIM4_IRQHandler
                0x08001824                I2C1_EV_IRQHandler
                0x08001824                DMA1_Stream6_IRQHandler
                0x08001824                DMA1_Stream1_IRQHandler
                0x08001824                UART4_IRQHandler
                0x08001824                TIM3_IRQHandler
                0x08001824                RCC_IRQHandler
                0x08001824                TIM8_BRK_TIM12_IRQHandler
                0x08001824                EXTI15_10_IRQHandler
                0x08001824                ADC_IRQHandler
                0x08001824                DMA1_Stream7_IRQHandler
                0x08001824                SPI5_IRQHandler
                0x08001824                TIM7_IRQHandler
                0x08001824                CAN2_TX_IRQHandler
                0x08001824                TIM5_IRQHandler
                0x08001824                DMA2_Stream7_IRQHandler
                0x08001824                I2C3_EV_IRQHandler
                0x08001824                EXTI9_5_IRQHandler
                0x08001824                RTC_WKUP_IRQHandler
                0x08001824                LTDC_IRQHandler
                0x08001824                ETH_WKUP_IRQHandler
                0x08001824                SPI2_IRQHandler
                0x08001824                OTG_HS_EP1_IN_IRQHandler
                0x08001824                MemManage_Handler
                0x08001824                DMA1_Stream0_IRQHandler
                0x08001824                CAN1_TX_IRQHandler
                0x08001824                SVC_Handler
                0x08001824                EXTI4_IRQHandler
                0x08001824                ETH_IRQHandler
                0x08001824                OTG_HS_EP1_OUT_IRQHandler
                0x08001824                WWDG_IRQHandler
                0x08001824                SPI6_IRQHandler
                0x08001824                TIM2_IRQHandler
                0x08001824                TIM1_TRG_COM_TIM11_IRQHandler
                0x08001824                OTG_HS_IRQHandler
                0x08001824                DMA2D_IRQHandler
                0x08001824                EXTI1_IRQHandler
                0x08001824                UART7_IRQHandler
                0x08001824                USART2_IRQHandler
                0x08001824                I2C2_ER_IRQHandler
                0x08001824                DMA2_Stream1_IRQHandler
                0x08001824                CAN1_SCE_IRQHandler
                0x08001824                FLASH_IRQHandler
                0x08001824                DMA2_Stream4_IRQHandler
                0x08001824                BusFault_Handler
                0x08001824                USART1_IRQHandler
                0x08001824                SPI3_IRQHandler
                0x08001824                DMA1_Stream4_IRQHandler
                0x08001824                I2C1_ER_IRQHandler
                0x08001824                FMC_IRQHandler
                0x08001824                DMA2_Stream6_IRQHandler
                0x08001824                SAI1_IRQHandler
                0x08001824                DMA1_Stream3_IRQHandler
 .text.USBD_HID_Init
                0x0800182c       0x30 ..\obj\usbd_hid_core.o
 .text.USBD_HID_DeInit
                0x0800185c       0x28 ..\obj\usbd_hid_core.o
 .text.USBD_HID_Setup
                0x08001884      0x134 ..\obj\usbd_hid_core.o
 .text.USBD_HID_SendReport
                0x080019b8       0x30 ..\obj\usbd_hid_core.o
                0x080019b8                USBD_HID_SendReport
 .text.USBD_HID_GetCfgDesc
                0x080019e8       0x24 ..\obj\usbd_hid_core.o
 .text.USBD_HID_DataIn
                0x08001a0c       0x20 ..\obj\usbd_hid_core.o
 .text.USBD_Init
                0x08001a2c       0x58 ..\obj\usbd_core.o
                0x08001a2c                USBD_Init
 .text.USBD_DeInit
                0x08001a84       0x14 ..\obj\usbd_core.o
                0x08001a84                USBD_DeInit
 .text.USBD_SetupStage
                0x08001a98       0x6c ..\obj\usbd_core.o
 .text.USBD_DataOutStage
                0x08001b04       0xcc ..\obj\usbd_core.o
 .text.USBD_DataInStage
                0x08001bd0      0x11c ..\obj\usbd_core.o
 .text.USBD_RunTestMode
                0x08001cec       0x24 ..\obj\usbd_core.o
 .text.USBD_Reset
                0x08001d10       0x44 ..\obj\usbd_core.o
 .text.USBD_Resume
                0x08001d54       0x30 ..\obj\usbd_core.o
 .text.USBD_Suspend
                0x08001d84       0x30 ..\obj\usbd_core.o
 .text.USBD_SOF
                0x08001db4       0x2c ..\obj\usbd_core.o
 .text.USBD_SetCfg
                0x08001de0       0x30 ..\obj\usbd_core.o
                0x08001de0                USBD_SetCfg
 .text.USBD_ClrCfg
                0x08001e10       0x28 ..\obj\usbd_core.o
                0x08001e10                USBD_ClrCfg
 .text.USBD_IsoINIncomplete
                0x08001e38       0x20 ..\obj\usbd_core.o
 .text.USBD_IsoOUTIncomplete
                0x08001e58       0x20 ..\obj\usbd_core.o
 .text.USBD_DevConnected
                0x08001e78       0x24 ..\obj\usbd_core.o
 .text.USBD_DevDisconnected
                0x08001e9c       0x34 ..\obj\usbd_core.o
 .text.LIS302DL_Init1
                0x08001ed0       0x2c ..\obj\main.o
                0x08001ed0                LIS302DL_Init1
 *fill*         0x08001efc        0x4 
 .text.main     0x08001f00      0x1c0 ..\obj\main.o
                0x08001f00                main
 .text.RCC_HSEConfig
                0x080020c0       0x24 ..\obj\stm32f4xx_rcc.o
                0x080020c0                RCC_HSEConfig
 .text.RCC_PLLCmd
                0x080020e4       0x20 ..\obj\stm32f4xx_rcc.o
                0x080020e4                RCC_PLLCmd
 .text.RCC_SYSCLKConfig
                0x08002104       0x38 ..\obj\stm32f4xx_rcc.o
                0x08002104                RCC_SYSCLKConfig
 .text.RCC_GetSYSCLKSource
                0x0800213c       0x1c ..\obj\stm32f4xx_rcc.o
                0x0800213c                RCC_GetSYSCLKSource
 .text.RCC_AHB1PeriphClockCmd
                0x08002158       0x3c ..\obj\stm32f4xx_rcc.o
                0x08002158                RCC_AHB1PeriphClockCmd
 .text.RCC_AHB2PeriphClockCmd
                0x08002194       0x3c ..\obj\stm32f4xx_rcc.o
                0x08002194                RCC_AHB2PeriphClockCmd
 .text.RCC_APB2PeriphClockCmd
                0x080021d0       0x3c ..\obj\stm32f4xx_rcc.o
                0x080021d0                RCC_APB2PeriphClockCmd
 .text.RCC_APB1PeriphResetCmd
                0x0800220c       0x3c ..\obj\stm32f4xx_rcc.o
                0x0800220c                RCC_APB1PeriphResetCmd
 .text.RCC_APB2PeriphResetCmd
                0x08002248       0x3c ..\obj\stm32f4xx_rcc.o
                0x08002248                RCC_APB2PeriphResetCmd
 .text.RCC_GetFlagStatus
                0x08002284       0x74 ..\obj\stm32f4xx_rcc.o
                0x08002284                RCC_GetFlagStatus
 .text.NVIC_SetPriority
                0x080022f8       0x54 ..\obj\tm_stm32f4_delay.o
 .text.SysTick_Config
                0x0800234c       0x44 ..\obj\tm_stm32f4_delay.o
 .text.SysTick_Handler
                0x08002390       0xf0 ..\obj\tm_stm32f4_delay.o
                0x08002390                SysTick_Handler
 .text.TM_DELAY_Init
                0x08002480       0x50 ..\obj\tm_stm32f4_delay.o
                0x08002480                TM_DELAY_Init
 .text.USBD_USR_DeviceDescriptor
                0x080024d0       0x24 ..\obj\usbd_desc.o
                0x080024d0                USBD_USR_DeviceDescriptor
 .text.USBD_USR_LangIDStrDescriptor
                0x080024f4       0x24 ..\obj\usbd_desc.o
                0x080024f4                USBD_USR_LangIDStrDescriptor
 .text.USBD_USR_ProductStrDescriptor
                0x08002518       0x40 ..\obj\usbd_desc.o
                0x08002518                USBD_USR_ProductStrDescriptor
 .text.USBD_USR_ManufacturerStrDescriptor
                0x08002558       0x28 ..\obj\usbd_desc.o
                0x08002558                USBD_USR_ManufacturerStrDescriptor
 .text.USBD_USR_SerialStrDescriptor
                0x08002580       0x40 ..\obj\usbd_desc.o
                0x08002580                USBD_USR_SerialStrDescriptor
 .text.USBD_USR_ConfigStrDescriptor
                0x080025c0       0x3c ..\obj\usbd_desc.o
                0x080025c0                USBD_USR_ConfigStrDescriptor
 .text.USBD_USR_InterfaceStrDescriptor
                0x080025fc       0x3c ..\obj\usbd_desc.o
                0x080025fc                USBD_USR_InterfaceStrDescriptor
 .text.GPIO_Init
                0x08002638      0x11c ..\obj\stm32f4xx_gpio.o
                0x08002638                GPIO_Init
 .text.GPIO_SetBits
                0x08002754       0x1c ..\obj\stm32f4xx_gpio.o
                0x08002754                GPIO_SetBits
 .text.GPIO_ResetBits
                0x08002770       0x1c ..\obj\stm32f4xx_gpio.o
                0x08002770                GPIO_ResetBits
 .text.GPIO_PinAFConfig
                0x0800278c       0x90 ..\obj\stm32f4xx_gpio.o
                0x0800278c                GPIO_PinAFConfig
 .text.SystemInit
                0x0800281c       0x5c ..\obj\system_stm32f4xx.o
                0x0800281c                SystemInit
 .text.SetSysClock
                0x08002878       0xf4 ..\obj\system_stm32f4xx.o
 .text.USB_OTG_BSP_Init
                0x0800296c      0x108 ..\obj\usb_bsp.o
                0x0800296c                USB_OTG_BSP_Init
 .text.USB_OTG_BSP_EnableInterrupt
                0x08002a74       0x34 ..\obj\usb_bsp.o
                0x08002a74                USB_OTG_BSP_EnableInterrupt
 .text.USB_OTG_BSP_uDelay
                0x08002aa8       0x48 ..\obj\usb_bsp.o
                0x08002aa8                USB_OTG_BSP_uDelay
 .text.USB_OTG_BSP_mDelay
                0x08002af0       0x20 ..\obj\usb_bsp.o
                0x08002af0                USB_OTG_BSP_mDelay
 .text.OTG_FS_WKUP_IRQHandler
                0x08002b10       0x6c ..\obj\usb_bsp.o
                0x08002b10                OTG_FS_WKUP_IRQHandler
 .text.OTG_FS_IRQHandler
                0x08002b7c       0x14 ..\obj\usb_bsp.o
                0x08002b7c                OTG_FS_IRQHandler
 .text.USBD_StdDevReq
                0x08002b90       0xa0 ..\obj\usbd_req.o
                0x08002b90                USBD_StdDevReq
 .text.USBD_StdItfReq
                0x08002c30       0x68 ..\obj\usbd_req.o
                0x08002c30                USBD_StdItfReq
 .text.USBD_StdEPReq
                0x08002c98      0x1b0 ..\obj\usbd_req.o
                0x08002c98                USBD_StdEPReq
 .text.USBD_GetDescriptor
                0x08002e48      0x1a8 ..\obj\usbd_req.o
 .text.USBD_SetAddress
                0x08002ff0       0x7c ..\obj\usbd_req.o
 .text.USBD_SetConfig
                0x0800306c       0xf4 ..\obj\usbd_req.o
 .text.USBD_GetConfig
                0x08003160       0x60 ..\obj\usbd_req.o
 .text.USBD_GetStatus
                0x080031c0       0x54 ..\obj\usbd_req.o
 .text.USBD_SetFeature
                0x08003214       0xd8 ..\obj\usbd_req.o
 .text.USBD_ClrFeature
                0x080032ec       0x50 ..\obj\usbd_req.o
 .text.USBD_ParseSetupRequest
                0x0800333c       0x90 ..\obj\usbd_req.o
                0x0800333c                USBD_ParseSetupRequest
 .text.USBD_CtlError
                0x080033cc       0x28 ..\obj\usbd_req.o
                0x080033cc                USBD_CtlError
 .text.USBD_GetString
                0x080033f4       0x88 ..\obj\usbd_req.o
                0x080033f4                USBD_GetString
 .text.USBD_GetLen
                0x0800347c       0x30 ..\obj\usbd_req.o
 .text.USBD_OTG_ISR_Handler
                0x080034ac      0x190 ..\obj\usb_dcd_int.o
                0x080034ac                USBD_OTG_ISR_Handler
 .text.DCD_SessionRequest_ISR
                0x0800363c       0x34 ..\obj\usb_dcd_int.o
 .text.DCD_OTG_ISR
                0x08003670       0x3c ..\obj\usb_dcd_int.o
 .text.DCD_HandleResume_ISR
                0x080036ac       0x80 ..\obj\usb_dcd_int.o
 .text.DCD_HandleUSBSuspend_ISR
                0x0800372c       0xbc ..\obj\usb_dcd_int.o
 .text.DCD_HandleInEP_ISR
                0x080037e8      0x19c ..\obj\usb_dcd_int.o
 .text.DCD_HandleOutEP_ISR
                0x08003984      0x150 ..\obj\usb_dcd_int.o
 .text.DCD_HandleSof_ISR
                0x08003ad4       0x34 ..\obj\usb_dcd_int.o
 .text.DCD_HandleRxStatusQueueLevel_ISR
                0x08003b08      0x104 ..\obj\usb_dcd_int.o
 .text.DCD_WriteEmptyTxFifo
                0x08003c0c       0xe4 ..\obj\usb_dcd_int.o
 .text.DCD_HandleUsbReset_ISR
                0x08003cf0      0x120 ..\obj\usb_dcd_int.o
 .text.DCD_HandleEnumDone_ISR
                0x08003e10       0x78 ..\obj\usb_dcd_int.o
 .text.DCD_IsoINIncomplete_ISR
                0x08003e88       0x34 ..\obj\usb_dcd_int.o
 .text.DCD_IsoOUTIncomplete_ISR
                0x08003ebc       0x34 ..\obj\usb_dcd_int.o
 .text.DCD_ReadDevInEP
                0x08003ef0       0x50 ..\obj\usb_dcd_int.o
 .text.SPI_I2S_DeInit
                0x08003f40       0xdc ..\obj\stm32f4xx_spi.o
                0x08003f40                SPI_I2S_DeInit
 .text.SPI_Init
                0x0800401c       0x88 ..\obj\stm32f4xx_spi.o
                0x0800401c                SPI_Init
 .text.SPI_Cmd  0x080040a4       0x40 ..\obj\stm32f4xx_spi.o
                0x080040a4                SPI_Cmd
 .text.SPI_I2S_ReceiveData
                0x080040e4       0x18 ..\obj\stm32f4xx_spi.o
                0x080040e4                SPI_I2S_ReceiveData
 .text.SPI_I2S_SendData
                0x080040fc       0x1c ..\obj\stm32f4xx_spi.o
                0x080040fc                SPI_I2S_SendData
 .text.SPI_I2S_GetFlagStatus
                0x08004118       0x38 ..\obj\stm32f4xx_spi.o
                0x08004118                SPI_I2S_GetFlagStatus
 .text.EXTI_Init
                0x08004150       0xe4 ..\obj\stm32f4xx_exti.o
                0x08004150                EXTI_Init
 .text.EXTI_ClearITPendingBit
                0x08004234       0x1c ..\obj\stm32f4xx_exti.o
                0x08004234                EXTI_ClearITPendingBit
 .text.NVIC_PriorityGroupConfig
                0x08004250       0x24 ..\obj\misc.o
                0x08004250                NVIC_PriorityGroupConfig
 .text.NVIC_Init
                0x08004274       0xc0 ..\obj\misc.o
                0x08004274                NVIC_Init
 .text.DCD_Init
                0x08004334      0x108 ..\obj\usb_dcd.o
                0x08004334                DCD_Init
 .text.DCD_EP_Open
                0x0800443c       0xac ..\obj\usb_dcd.o
                0x0800443c                DCD_EP_Open
 .text.DCD_EP_Close
                0x080044e8       0x74 ..\obj\usb_dcd.o
                0x080044e8                DCD_EP_Close
 .text.DCD_EP_PrepareRx
                0x0800455c       0x84 ..\obj\usb_dcd.o
                0x0800455c                DCD_EP_PrepareRx
 .text.DCD_EP_Tx
                0x080045e0       0x78 ..\obj\usb_dcd.o
                0x080045e0                DCD_EP_Tx
 .text.DCD_EP_Stall
                0x08004658       0x78 ..\obj\usb_dcd.o
                0x08004658                DCD_EP_Stall
 .text.DCD_EP_ClrStall
                0x080046d0       0x78 ..\obj\usb_dcd.o
                0x080046d0                DCD_EP_ClrStall
 .text.DCD_EP_Flush
                0x08004748       0x34 ..\obj\usb_dcd.o
                0x08004748                DCD_EP_Flush
 .text.DCD_EP_SetAddress
                0x0800477c       0x3c ..\obj\usb_dcd.o
                0x0800477c                DCD_EP_SetAddress
 .text.TM_GPIO_Init
                0x080047b8       0x48 ..\obj\tm_stm32f4_gpio.o
                0x080047b8                TM_GPIO_Init
 .text.TM_GPIO_GetPortSource
                0x08004800       0x20 ..\obj\tm_stm32f4_gpio.o
                0x08004800                TM_GPIO_GetPortSource
 .text.TM_GPIO_INT_EnableClock
                0x08004820       0x30 ..\obj\tm_stm32f4_gpio.o
                0x08004820                TM_GPIO_INT_EnableClock
 .text.TM_GPIO_INT_Init
                0x08004850      0x110 ..\obj\tm_stm32f4_gpio.o
                0x08004850                TM_GPIO_INT_Init
 .text.LIS302DL_Init
                0x08004960       0x4c ..\obj\stm32f4_discovery_lis302dl.o
                0x08004960                LIS302DL_Init
 .text.LIS302DL_Write
                0x080049ac       0x60 ..\obj\stm32f4_discovery_lis302dl.o
                0x080049ac                LIS302DL_Write
 .text.LIS302DL_Read
                0x08004a0c       0x70 ..\obj\stm32f4_discovery_lis302dl.o
                0x08004a0c                LIS302DL_Read
 .text.LIS302DL_LowLevel_Init
                0x08004a7c      0x138 ..\obj\stm32f4_discovery_lis302dl.o
 .text.LIS302DL_SendByte
                0x08004bb4       0x90 ..\obj\stm32f4_discovery_lis302dl.o
 .text.LIS302DL_TIMEOUT_UserCallback
                0x08004c44        0x8 ..\obj\stm32f4_discovery_lis302dl.o
                0x08004c44                LIS302DL_TIMEOUT_UserCallback
 .text.USBD_CtlSendData
                0x08004c4c       0x40 ..\obj\usbd_ioreq.o
                0x08004c4c                USBD_CtlSendData
 .text.USBD_CtlContinueSendData
                0x08004c8c       0x28 ..\obj\usbd_ioreq.o
                0x08004c8c                USBD_CtlContinueSendData
 .text.USBD_CtlContinueRx
                0x08004cb4       0x28 ..\obj\usbd_ioreq.o
                0x08004cb4                USBD_CtlContinueRx
 .text.USBD_CtlSendStatus
                0x08004cdc       0x30 ..\obj\usbd_ioreq.o
                0x08004cdc                USBD_CtlSendStatus
 .text.USBD_CtlReceiveStatus
                0x08004d0c       0x30 ..\obj\usbd_ioreq.o
                0x08004d0c                USBD_CtlReceiveStatus
 .text          0x08004d3c      0x370 c:/program files (x86)/gnu tools arm embedded/5.2 2015q4/bin/../lib/gcc/arm-none-eabi/5.2.1/armv7e-m\libgcc.a(_arm_addsubdf3.o)
                0x08004d3c                __aeabi_drsub
                0x08004d44                __aeabi_dsub
                0x08004d44                __subdf3
                0x08004d48                __aeabi_dadd
                0x08004d48                __adddf3
                0x08004fc0                __floatunsidf
                0x08004fc0                __aeabi_ui2d
                0x08004fe0                __floatsidf
                0x08004fe0                __aeabi_i2d
                0x08005004                __aeabi_f2d
                0x08005004                __extendsfdf2
                0x08005040                __floatundidf
                0x08005040                __aeabi_ul2d
                0x08005050                __floatdidf
                0x08005050                __aeabi_l2d
 .text          0x080050ac       0x50 c:/program files (x86)/gnu tools arm embedded/5.2 2015q4/bin/../lib/gcc/arm-none-eabi/5.2.1/armv7e-m\libgcc.a(_arm_fixdfsi.o)
                0x080050ac                __aeabi_d2iz
                0x080050ac                __fixdfsi
 *(.init)
 *(.fini)
 *crtbegin.o(.ctors)
 *crtbegin?.o(.ctors)
 *(EXCLUDE_FILE(*crtend.o *crtend?.o) .ctors)
 *(SORT(.ctors.*))
 *(.ctors)
 *crtbegin.o(.dtors)
 *crtbegin?.o(.dtors)
 *(EXCLUDE_FILE(*crtend.o *crtend?.o) .dtors)
 *(SORT(.dtors.*))
 *(.dtors)
 *(.rodata*)
 .rodata        0x080050fc       0x8e ..\obj\usbd_desc.o
 *(.eh_fram e*)

.glue_7         0x0800518c        0x0
 .glue_7        0x0800518c        0x0 linker stubs

.glue_7t        0x0800518c        0x0
 .glue_7t       0x0800518c        0x0 linker stubs

.vfp11_veneer   0x0800518c        0x0
 .vfp11_veneer  0x0800518c        0x0 linker stubs

.v4_bx          0x0800518c        0x0
 .v4_bx         0x0800518c        0x0 linker stubs

.iplt           0x0800518c        0x0
 .iplt          0x0800518c        0x0 ..\obj\stm32f4xx_syscfg.o

.rel.dyn        0x0800518c        0x0
 .rel.iplt      0x0800518c        0x0 ..\obj\stm32f4xx_syscfg.o

.ARM.extab
 *(.ARM.extab* .gnu.linkonce.armextab.*)
                0x0800518c                __exidx_start = .

.ARM.exidx
 *(.ARM.exidx* .gnu.linkonce.armexidx.*)
                0x0800518c                __exidx_end = .
                0x0800518c                __etext = .
                0x0800518a                _sidata = __etext

.data           0x20000000      0x1bc load address 0x0800518a
                0x20000000                __data_start__ = .
                0x20000000                _sdata = __data_start__
 *(vtable)
 *(.data*)
 .data          0x20000000       0x1c ..\obj\usbd_usr.o
                0x20000000                USR_cb
 .data          0x2000001c      0x115 ..\obj\usbd_hid_core.o
                0x2000001c                USBD_HID_cb
 *fill*         0x20000131        0x3 
 .data          0x20000134       0x30 ..\obj\usbd_core.o
                0x20000134                USBD_DCD_INT_cb
                0x20000160                USBD_DCD_INT_fops
 .data          0x20000164       0x40 ..\obj\usbd_desc.o
                0x20000164                USR_desc
                0x20000180                USBD_DeviceDesc
                0x20000194                USBD_DeviceQualifierDesc
                0x200001a0                USBD_LangIDDesc
 .data          0x200001a4       0x14 ..\obj\system_stm32f4xx.o
                0x200001a4                SystemCoreClock
                0x200001a8                AHBPrescTable
 .data          0x200001b8        0x4 ..\obj\stm32f4_discovery_lis302dl.o
                0x200001b8                LIS302DLTimeout
                0x200001bc                . = ALIGN (0x4)
                [!provide]                PROVIDE (__preinit_array_start, .)
 *(.preinit_array)
                [!provide]                PROVIDE (__preinit_array_end, .)
                0x200001bc                . = ALIGN (0x4)
                [!provide]                PROVIDE (__init_array_start, .)
 *(SORT(.init_array.*))
 *(.init_array)
                [!provide]                PROVIDE (__init_array_end, .)
                0x200001bc                . = ALIGN (0x4)
                [!provide]                PROVIDE (__fini_array_start, .)
 *(SORT(.fini_array.*))
 *(.fini_array)
                [!provide]                PROVIDE (__fini_array_end, .)
 *(.jcr*)
                0x200001bc                . = ALIGN (0x4)
                0x200001bc                __data_end__ = .
                0x200001bc                _edata = __data_end__

.igot.plt       0x200001bc        0x0 load address 0x08005348
 .igot.plt      0x200001bc        0x0 ..\obj\stm32f4xx_syscfg.o

.bss            0x200001bc      0x6a0 load address 0x08005348
                0x200001bc                . = ALIGN (0x4)
                0x200001bc                __bss_start__ = .
                0x200001bc                _sbss = __bss_start__
 *(.bss*)
 .bss           0x200001bc        0x1 ..\obj\usbd_usr.o
                0x200001bc                TM_USB_HIDDEVICE_INT_Status
 *fill*         0x200001bd        0x3 
 .bss           0x200001c0        0xc ..\obj\usbd_hid_core.o
 .bss           0x200001cc       0x28 ..\obj\tm_stm32f4_delay.o
                0x200001cc                TM_TimingDelay
                0x200001d0                TM_Time
                0x200001d4                TM_Time2
                0x200001d8                TM_DELAY_Initialized
 .bss           0x200001f4        0xd ..\obj\usbd_req.o
                0x200001f4                USBD_ep_status
                0x200001f8                USBD_default_cfg
                0x200001fc                USBD_cfg_status
 *fill*         0x20000201        0x3 
 .bss           0x20000204       0x16 ..\obj\tm_stm32f4_gpio.o
 *(COMMON)
 *fill*         0x2000021a        0x2 
 COMMON         0x2000021c      0x5f4 ..\obj\usbd_usr.o
                0x2000021c                USB_OTG_dev
 COMMON         0x20000810        0x4 ..\obj\usbd_core.o
                0x20000810                SET_TEST_MODE
 COMMON         0x20000814        0x2 ..\obj\main.o
                0x20000814                acc_y
                0x20000815                acc_x
 *fill*         0x20000816        0x2 
 COMMON         0x20000818        0x4 ..\obj\tm_stm32f4_delay.o
                0x20000818                mult
 COMMON         0x2000081c       0x40 ..\obj\usbd_req.o
                0x2000081c                USBD_StrDesc
                0x2000085c                . = ALIGN (0x4)
                0x2000085c                __bss_end__ = .
                0x2000085c                _ebss = __bss_end__

.heap           0x2000085c        0x0
                0x2000085c                __end__ = .
                0x2000085c                _end = __end__
                0x2000085c                end = __end__
 *(.heap*)
                0x2000085c                __HeapLimit = .

.co_stack       0x2000085c      0x804 load address 0x080059e8
                0x20000860                . = ALIGN (0x8)
 *fill*         0x2000085c        0x4 
 *(.co_stack .co_stack.*)
 .co_stack      0x20000860      0x800 ..\obj\startup_stm32f4xx.o
                0x20000860                pulStack
                0x20020000                __StackTop = (ORIGIN (ram) + LENGTH (ram))
                0x2001f7fc                __StackLimit = (__StackTop - SIZEOF (.co_stack))
                [!provide]                PROVIDE (__stack, __StackTop)
                0x00000001                ASSERT ((__StackLimit >= __HeapLimit), region ram  overflowed with stack)
LOAD ..\obj\stm32f4xx_syscfg.o
LOAD ..\obj\usb_core.o
LOAD ..\obj\stm32f4xx_sdio.o
LOAD ..\obj\tm_stm32f4_usb_hid_device.o
LOAD ..\obj\stm32f4xx_cryp_aes.o
LOAD ..\obj\stm32f4xx_dma2d.o
LOAD ..\obj\stm32f4xx_hash.o
LOAD ..\obj\usbd_usr.o
LOAD ..\obj\stm32f4xx_hash_sha1.o
LOAD ..\obj\stm32f4xx_usart.o
LOAD ..\obj\stm32f4xx_pwr.o
LOAD ..\obj\stm32f4xx_can.o
LOAD ..\obj\stm32f4xx_wwdg.o
LOAD ..\obj\stm32f4xx_hash_md5.o
LOAD ..\obj\stm32f4xx_dac.o
LOAD ..\obj\tm_stm32f4_disco.o
LOAD ..\obj\stm32f4xx_ltdc.o
LOAD ..\obj\startup_stm32f4xx.o
LOAD ..\obj\stm32f4xx_crc.o
LOAD ..\obj\usbd_hid_core.o
LOAD ..\obj\stm32f4xx_iwdg.o
LOAD ..\obj\usbd_core.o
LOAD ..\obj\main.o
LOAD ..\obj\stm32f4xx_rcc.o
LOAD ..\obj\stm32f4xx_adc.o
LOAD ..\obj\stm32f4xx_dcmi.o
LOAD ..\obj\tm_stm32f4_delay.o
LOAD ..\obj\usbd_desc.o
LOAD ..\obj\stm32f4xx_cryp_des.o
LOAD ..\obj\stm32f4xx_cryp.o
LOAD ..\obj\stm32f4xx_gpio.o
LOAD ..\obj\stm32f4xx_flash.o
LOAD ..\obj\stm32f4xx_sai.o
LOAD ..\obj\system_stm32f4xx.o
LOAD ..\obj\stm32f4xx_dma.o
LOAD ..\obj\usb_bsp.o
LOAD ..\obj\stm32f4xx_fmc.o
LOAD ..\obj\usbd_req.o
LOAD ..\obj\usb_dcd_int.o
LOAD ..\obj\stm32f4xx_spi.o
LOAD ..\obj\stm32f4xx_i2c.o
LOAD ..\obj\stm32f4xx_rng.o
LOAD ..\obj\stm32f4xx_exti.o
LOAD ..\obj\misc.o
LOAD ..\obj\usb_dcd.o
LOAD ..\obj\tm_stm32f4_gpio.o
LOAD ..\obj\stm32f4_discovery_lis302dl.o
LOAD ..\obj\stm32f4xx_rtc.o
LOAD ..\obj\tm_stm32f4_timer_properties.o
LOAD ..\obj\usbd_ioreq.o
LOAD ..\obj\stm32f4xx_cryp_tdes.o
LOAD ..\obj\stm32f4xx_tim.o
LOAD ..\obj\stm32f4xx_dbgmcu.o
START GROUP
LOAD c:/program files (x86)/gnu tools arm embedded/5.2 2015q4/bin/../lib/gcc/arm-none-eabi/5.2.1/armv7e-m\libgcc.a
LOAD c:/program files (x86)/gnu tools arm embedded/5.2 2015q4/bin/../lib/gcc/arm-none-eabi/5.2.1/../../../../arm-none-eabi/lib/armv7e-m\libg.a
LOAD c:/program files (x86)/gnu tools arm embedded/5.2 2015q4/bin/../lib/gcc/arm-none-eabi/5.2.1/../../../../arm-none-eabi/lib/armv7e-m\libc.a
END GROUP
OUTPUT(stm32f429_project.elf elf32-littlearm)

.debug_info     0x00000000    0x10ef9
 .debug_info    0x00000000     0x2490 ..\obj\usb_core.o
 .debug_info    0x00002490     0x1017 ..\obj\tm_stm32f4_usb_hid_device.o
 .debug_info    0x000034a7      0xbb5 ..\obj\usbd_usr.o
 .debug_info    0x0000405c      0x273 ..\obj\tm_stm32f4_disco.o
 .debug_info    0x000042cf       0xed ..\obj\startup_stm32f4xx.o
 .debug_info    0x000043bc      0xcf0 ..\obj\usbd_hid_core.o
 .debug_info    0x000050ac     0x103f ..\obj\usbd_core.o
 .debug_info    0x000060eb      0x41a ..\obj\main.o
 .debug_info    0x00006505      0xe1d ..\obj\stm32f4xx_rcc.o
 .debug_info    0x00007322      0xa46 ..\obj\tm_stm32f4_delay.o
 .debug_info    0x00007d68      0x363 ..\obj\usbd_desc.o
 .debug_info    0x000080cb      0x61d ..\obj\stm32f4xx_gpio.o
 .debug_info    0x000086e8      0x5bd ..\obj\system_stm32f4xx.o
 .debug_info    0x00008ca5     0x1277 ..\obj\usb_bsp.o
 .debug_info    0x00009f1c      0xfe0 ..\obj\usbd_req.o
 .debug_info    0x0000aefc     0x1ef2 ..\obj\usb_dcd_int.o
 .debug_info    0x0000cdee      0xb29 ..\obj\stm32f4xx_spi.o
 .debug_info    0x0000d917      0x348 ..\obj\stm32f4xx_exti.o
 .debug_info    0x0000dc5f      0x541 ..\obj\misc.o
 .debug_info    0x0000e1a0     0x1044 ..\obj\usb_dcd.o
 .debug_info    0x0000f1e4      0x847 ..\obj\tm_stm32f4_gpio.o
 .debug_info    0x0000fa2b      0x7f2 ..\obj\stm32f4_discovery_lis302dl.o
 .debug_info    0x0001021d      0xcdc ..\obj\usbd_ioreq.o

.debug_abbrev   0x00000000     0x294e
 .debug_abbrev  0x00000000      0x2eb ..\obj\usb_core.o
 .debug_abbrev  0x000002eb      0x22e ..\obj\tm_stm32f4_usb_hid_device.o
 .debug_abbrev  0x00000519      0x19e ..\obj\usbd_usr.o
 .debug_abbrev  0x000006b7       0xf0 ..\obj\tm_stm32f4_disco.o
 .debug_abbrev  0x000007a7       0xb0 ..\obj\startup_stm32f4xx.o
 .debug_abbrev  0x00000857      0x1f8 ..\obj\usbd_hid_core.o
 .debug_abbrev  0x00000a4f      0x277 ..\obj\usbd_core.o
 .debug_abbrev  0x00000cc6      0x130 ..\obj\main.o
 .debug_abbrev  0x00000df6      0x1bc ..\obj\stm32f4xx_rcc.o
 .debug_abbrev  0x00000fb2      0x2cf ..\obj\tm_stm32f4_delay.o
 .debug_abbrev  0x00001281      0x12c ..\obj\usbd_desc.o
 .debug_abbrev  0x000013ad      0x1a7 ..\obj\stm32f4xx_gpio.o
 .debug_abbrev  0x00001554      0x138 ..\obj\system_stm32f4xx.o
 .debug_abbrev  0x0000168c      0x232 ..\obj\usb_bsp.o
 .debug_abbrev  0x000018be      0x2a6 ..\obj\usbd_req.o
 .debug_abbrev  0x00001b64      0x25d ..\obj\usb_dcd_int.o
 .debug_abbrev  0x00001dc1      0x169 ..\obj\stm32f4xx_spi.o
 .debug_abbrev  0x00001f2a      0x1a9 ..\obj\stm32f4xx_exti.o
 .debug_abbrev  0x000020d3      0x147 ..\obj\misc.o
 .debug_abbrev  0x0000221a      0x25b ..\obj\usb_dcd.o
 .debug_abbrev  0x00002475      0x151 ..\obj\tm_stm32f4_gpio.o
 .debug_abbrev  0x000025c6      0x1d7 ..\obj\stm32f4_discovery_lis302dl.o
 .debug_abbrev  0x0000279d      0x1b1 ..\obj\usbd_ioreq.o

.debug_aranges  0x00000000      0xb68
 .debug_aranges
                0x00000000      0x138 ..\obj\usb_core.o
 .debug_aranges
                0x00000138       0x78 ..\obj\tm_stm32f4_usb_hid_device.o
 .debug_aranges
                0x000001b0       0x50 ..\obj\usbd_usr.o
 .debug_aranges
                0x00000200       0x38 ..\obj\tm_stm32f4_disco.o
 .debug_aranges
                0x00000238       0x28 ..\obj\startup_stm32f4xx.o
 .debug_aranges
                0x00000260       0x48 ..\obj\usbd_hid_core.o
 .debug_aranges
                0x000002a8       0x98 ..\obj\usbd_core.o
 .debug_aranges
                0x00000340       0x28 ..\obj\main.o
 .debug_aranges
                0x00000368      0x1b8 ..\obj\stm32f4xx_rcc.o
 .debug_aranges
                0x00000520       0x80 ..\obj\tm_stm32f4_delay.o
 .debug_aranges
                0x000005a0       0x50 ..\obj\usbd_desc.o
 .debug_aranges
                0x000005f0       0x88 ..\obj\stm32f4xx_gpio.o
 .debug_aranges
                0x00000678       0x30 ..\obj\system_stm32f4xx.o
 .debug_aranges
                0x000006a8       0x48 ..\obj\usb_bsp.o
 .debug_aranges
                0x000006f0       0x88 ..\obj\usbd_req.o
 .debug_aranges
                0x00000778       0x90 ..\obj\usb_dcd_int.o
 .debug_aranges
                0x00000808       0xe0 ..\obj\stm32f4xx_spi.o
 .debug_aranges
                0x000008e8       0x58 ..\obj\stm32f4xx_exti.o
 .debug_aranges
                0x00000940       0x40 ..\obj\misc.o
 .debug_aranges
                0x00000980       0x80 ..\obj\usb_dcd.o
 .debug_aranges
                0x00000a00       0x98 ..\obj\tm_stm32f4_gpio.o
 .debug_aranges
                0x00000a98       0x80 ..\obj\stm32f4_discovery_lis302dl.o
 .debug_aranges
                0x00000b18       0x50 ..\obj\usbd_ioreq.o

.debug_ranges   0x00000000      0x9f8
 .debug_ranges  0x00000000      0x128 ..\obj\usb_core.o
 .debug_ranges  0x00000128       0x68 ..\obj\tm_stm32f4_usb_hid_device.o
 .debug_ranges  0x00000190       0x40 ..\obj\usbd_usr.o
 .debug_ranges  0x000001d0       0x28 ..\obj\tm_stm32f4_disco.o
 .debug_ranges  0x000001f8       0x18 ..\obj\startup_stm32f4xx.o
 .debug_ranges  0x00000210       0x38 ..\obj\usbd_hid_core.o
 .debug_ranges  0x00000248       0x88 ..\obj\usbd_core.o
 .debug_ranges  0x000002d0       0x18 ..\obj\main.o
 .debug_ranges  0x000002e8      0x1a8 ..\obj\stm32f4xx_rcc.o
 .debug_ranges  0x00000490       0x70 ..\obj\tm_stm32f4_delay.o
 .debug_ranges  0x00000500       0x40 ..\obj\usbd_desc.o
 .debug_ranges  0x00000540       0x78 ..\obj\stm32f4xx_gpio.o
 .debug_ranges  0x000005b8       0x20 ..\obj\system_stm32f4xx.o
 .debug_ranges  0x000005d8       0x38 ..\obj\usb_bsp.o
 .debug_ranges  0x00000610       0x78 ..\obj\usbd_req.o
 .debug_ranges  0x00000688       0x80 ..\obj\usb_dcd_int.o
 .debug_ranges  0x00000708       0xd0 ..\obj\stm32f4xx_spi.o
 .debug_ranges  0x000007d8       0x48 ..\obj\stm32f4xx_exti.o
 .debug_ranges  0x00000820       0x30 ..\obj\misc.o
 .debug_ranges  0x00000850       0x70 ..\obj\usb_dcd.o
 .debug_ranges  0x000008c0       0x88 ..\obj\tm_stm32f4_gpio.o
 .debug_ranges  0x00000948       0x70 ..\obj\stm32f4_discovery_lis302dl.o
 .debug_ranges  0x000009b8       0x40 ..\obj\usbd_ioreq.o

.debug_line     0x00000000     0x4e13
 .debug_line    0x00000000      0x70a ..\obj\usb_core.o
 .debug_line    0x0000070a      0x3ce ..\obj\tm_stm32f4_usb_hid_device.o
 .debug_line    0x00000ad8      0x295 ..\obj\usbd_usr.o
 .debug_line    0x00000d6d      0x26f ..\obj\tm_stm32f4_disco.o
 .debug_line    0x00000fdc       0xa7 ..\obj\startup_stm32f4xx.o
 .debug_line    0x00001083      0x253 ..\obj\usbd_hid_core.o
 .debug_line    0x000012d6      0x380 ..\obj\usbd_core.o
 .debug_line    0x00001656      0x30b ..\obj\main.o
 .debug_line    0x00001961      0x684 ..\obj\stm32f4xx_rcc.o
 .debug_line    0x00001fe5      0x3a2 ..\obj\tm_stm32f4_delay.o
 .debug_line    0x00002387      0x23d ..\obj\usbd_desc.o
 .debug_line    0x000025c4      0x3a8 ..\obj\stm32f4xx_gpio.o
 .debug_line    0x0000296c      0x20e ..\obj\system_stm32f4xx.o
 .debug_line    0x00002b7a      0x323 ..\obj\usb_bsp.o
 .debug_line    0x00002e9d      0x425 ..\obj\usbd_req.o
 .debug_line    0x000032c2      0x411 ..\obj\usb_dcd_int.o
 .debug_line    0x000036d3      0x4a8 ..\obj\stm32f4xx_spi.o
 .debug_line    0x00003b7b      0x2d0 ..\obj\stm32f4xx_exti.o
 .debug_line    0x00003e4b      0x276 ..\obj\misc.o
 .debug_line    0x000040c1      0x369 ..\obj\usb_dcd.o
 .debug_line    0x0000442a      0x3ac ..\obj\tm_stm32f4_gpio.o
 .debug_line    0x000047d6      0x3ea ..\obj\stm32f4_discovery_lis302dl.o
 .debug_line    0x00004bc0      0x253 ..\obj\usbd_ioreq.o

.debug_str      0x00000000     0x49bf
 .debug_str     0x00000000     0x137d ..\obj\usb_core.o
                               0x16a7 (size before relaxing)
 .debug_str     0x0000137d      0x56c ..\obj\tm_stm32f4_usb_hid_device.o
                                0xe84 (size before relaxing)
 .debug_str     0x000018e9      0x107 ..\obj\usbd_usr.o
                                0xade (size before relaxing)
 .debug_str     0x000019f0      0x1e7 ..\obj\tm_stm32f4_disco.o
                                0x349 (size before relaxing)
 .debug_str     0x00001bd7       0xb6 ..\obj\startup_stm32f4xx.o
                                0x14d (size before relaxing)
 .debug_str     0x00001c8d      0x159 ..\obj\usbd_hid_core.o
                                0xa4b (size before relaxing)
 .debug_str     0x00001de6      0x1b9 ..\obj\usbd_core.o
                                0xbe6 (size before relaxing)
 .debug_str     0x00001f9f       0xfd ..\obj\main.o
                                0x4d2 (size before relaxing)
 .debug_str     0x0000209c      0x807 ..\obj\stm32f4xx_rcc.o
                                0x9a3 (size before relaxing)
 .debug_str     0x000028a3      0x839 ..\obj\tm_stm32f4_delay.o
                                0xa3d (size before relaxing)
 .debug_str     0x000030dc      0x17e ..\obj\usbd_desc.o
                                0x3ad (size before relaxing)
 .debug_str     0x0000325a      0x25e ..\obj\stm32f4xx_gpio.o
                                0x4a6 (size before relaxing)
 .debug_str     0x000034b8       0xc1 ..\obj\system_stm32f4xx.o
                                0x3ca (size before relaxing)
 .debug_str     0x00003579      0x267 ..\obj\usb_bsp.o
                               0x12b8 (size before relaxing)
 .debug_str     0x000037e0      0x18a ..\obj\usbd_req.o
                                0xb4b (size before relaxing)
 .debug_str     0x0000396a      0x382 ..\obj\usb_dcd_int.o
                               0x13f7 (size before relaxing)
 .debug_str     0x00003cec      0x3cd ..\obj\stm32f4xx_spi.o
                                0x6a3 (size before relaxing)
 .debug_str     0x000040b9      0x106 ..\obj\stm32f4xx_exti.o
                                0x352 (size before relaxing)
 .debug_str     0x000041bf      0x119 ..\obj\misc.o
                                0x3d4 (size before relaxing)
 .debug_str     0x000042d8      0x135 ..\obj\usb_dcd.o
                                0xb6f (size before relaxing)
 .debug_str     0x0000440d      0x1f3 ..\obj\tm_stm32f4_gpio.o
                                0x5cd (size before relaxing)
 .debug_str     0x00004600      0x2d0 ..\obj\stm32f4_discovery_lis302dl.o
                                0x770 (size before relaxing)
 .debug_str     0x000048d0       0xef ..\obj\usbd_ioreq.o
                                0x9fb (size before relaxing)

.comment        0x00000000       0x6e
 .comment       0x00000000       0x6e ..\obj\usb_core.o
                                 0x6f (size before relaxing)
 .comment       0x0000006e       0x6f ..\obj\tm_stm32f4_usb_hid_device.o
 .comment       0x0000006e       0x6f ..\obj\usbd_usr.o
 .comment       0x0000006e       0x6f ..\obj\tm_stm32f4_disco.o
 .comment       0x0000006e       0x6f ..\obj\startup_stm32f4xx.o
 .comment       0x0000006e       0x6f ..\obj\usbd_hid_core.o
 .comment       0x0000006e       0x6f ..\obj\usbd_core.o
 .comment       0x0000006e       0x6f ..\obj\main.o
 .comment       0x0000006e       0x6f ..\obj\stm32f4xx_rcc.o
 .comment       0x0000006e       0x6f ..\obj\tm_stm32f4_delay.o
 .comment       0x0000006e       0x6f ..\obj\usbd_desc.o
 .comment       0x0000006e       0x6f ..\obj\stm32f4xx_gpio.o
 .comment       0x0000006e       0x6f ..\obj\system_stm32f4xx.o
 .comment       0x0000006e       0x6f ..\obj\usb_bsp.o
 .comment       0x0000006e       0x6f ..\obj\usbd_req.o
 .comment       0x0000006e       0x6f ..\obj\usb_dcd_int.o
 .comment       0x0000006e       0x6f ..\obj\stm32f4xx_spi.o
 .comment       0x0000006e       0x6f ..\obj\stm32f4xx_exti.o
 .comment       0x0000006e       0x6f ..\obj\misc.o
 .comment       0x0000006e       0x6f ..\obj\usb_dcd.o
 .comment       0x0000006e       0x6f ..\obj\tm_stm32f4_gpio.o
 .comment       0x0000006e       0x6f ..\obj\stm32f4_discovery_lis302dl.o
 .comment       0x0000006e       0x6f ..\obj\usbd_ioreq.o

.ARM.attributes
                0x00000000       0x33
 .ARM.attributes
                0x00000000       0x33 ..\obj\usb_core.o
 .ARM.attributes
                0x00000033       0x33 ..\obj\tm_stm32f4_usb_hid_device.o
 .ARM.attributes
                0x00000066       0x33 ..\obj\usbd_usr.o
 .ARM.attributes
                0x00000099       0x33 ..\obj\tm_stm32f4_disco.o
 .ARM.attributes
                0x000000cc       0x33 ..\obj\startup_stm32f4xx.o
 .ARM.attributes
                0x000000ff       0x33 ..\obj\usbd_hid_core.o
 .ARM.attributes
                0x00000132       0x33 ..\obj\usbd_core.o
 .ARM.attributes
                0x00000165       0x33 ..\obj\main.o
 .ARM.attributes
                0x00000198       0x33 ..\obj\stm32f4xx_rcc.o
 .ARM.attributes
                0x000001cb       0x33 ..\obj\tm_stm32f4_delay.o
 .ARM.attributes
                0x000001fe       0x33 ..\obj\usbd_desc.o
 .ARM.attributes
                0x00000231       0x33 ..\obj\stm32f4xx_gpio.o
 .ARM.attributes
                0x00000264       0x33 ..\obj\system_stm32f4xx.o
 .ARM.attributes
                0x00000297       0x33 ..\obj\usb_bsp.o
 .ARM.attributes
                0x000002ca       0x33 ..\obj\usbd_req.o
 .ARM.attributes
                0x000002fd       0x33 ..\obj\usb_dcd_int.o
 .ARM.attributes
                0x00000330       0x33 ..\obj\stm32f4xx_spi.o
 .ARM.attributes
                0x00000363       0x33 ..\obj\stm32f4xx_exti.o
 .ARM.attributes
                0x00000396       0x33 ..\obj\misc.o
 .ARM.attributes
                0x000003c9       0x33 ..\obj\usb_dcd.o
 .ARM.attributes
                0x000003fc       0x33 ..\obj\tm_stm32f4_gpio.o
 .ARM.attributes
                0x0000042f       0x33 ..\obj\stm32f4_discovery_lis302dl.o
 .ARM.attributes
                0x00000462       0x33 ..\obj\usbd_ioreq.o
 .ARM.attributes
                0x00000495       0x1e c:/program files (x86)/gnu tools arm embedded/5.2 2015q4/bin/../lib/gcc/arm-none-eabi/5.2.1/armv7e-m\libgcc.a(_arm_addsubdf3.o)
 .ARM.attributes
                0x000004b3       0x1e c:/program files (x86)/gnu tools arm embedded/5.2 2015q4/bin/../lib/gcc/arm-none-eabi/5.2.1/armv7e-m\libgcc.a(_arm_fixdfsi.o)

.debug_frame    0x00000000     0x2d00
 .debug_frame   0x00000000      0x584 ..\obj\usb_core.o
 .debug_frame   0x00000584      0x1c8 ..\obj\tm_stm32f4_usb_hid_device.o
 .debug_frame   0x0000074c       0xf8 ..\obj\usbd_usr.o
 .debug_frame   0x00000844       0x98 ..\obj\tm_stm32f4_disco.o
 .debug_frame   0x000008dc       0x4c ..\obj\startup_stm32f4xx.o
 .debug_frame   0x00000928       0xec ..\obj\usbd_hid_core.o
 .debug_frame   0x00000a14      0x258 ..\obj\usbd_core.o
 .debug_frame   0x00000c6c       0x54 ..\obj\main.o
 .debug_frame   0x00000cc0      0x814 ..\obj\stm32f4xx_rcc.o
 .debug_frame   0x000014d4      0x1ec ..\obj\tm_stm32f4_delay.o
 .debug_frame   0x000016c0      0x114 ..\obj\usbd_desc.o
 .debug_frame   0x000017d4      0x23c ..\obj\stm32f4xx_gpio.o
 .debug_frame   0x00001a10       0x7c ..\obj\system_stm32f4xx.o
 .debug_frame   0x00001a8c       0xdc ..\obj\usb_bsp.o
 .debug_frame   0x00001b68      0x210 ..\obj\usbd_req.o
 .debug_frame   0x00001d78      0x230 ..\obj\usb_dcd_int.o
 .debug_frame   0x00001fa8      0x3f4 ..\obj\stm32f4xx_spi.o
 .debug_frame   0x0000239c      0x148 ..\obj\stm32f4xx_exti.o
 .debug_frame   0x000024e4       0xd8 ..\obj\misc.o
 .debug_frame   0x000025bc      0x1e8 ..\obj\usb_dcd.o
 .debug_frame   0x000027a4      0x274 ..\obj\tm_stm32f4_gpio.o
 .debug_frame   0x00002a18      0x1d8 ..\obj\stm32f4_discovery_lis302dl.o
 .debug_frame   0x00002bf0      0x110 ..\obj\usbd_ioreq.o
